// Jest Snapshot v1, https://goo.gl/fbAQLP

exports[`Tabs should render correctly 1`] = `
<nav
  className="movie-nav movie-card__nav"
>
  <ul
    className="movie-nav__list"
  >
    <li
      className="movie-nav__item "
      onClick={[Function]}
    >
      <a
        className="movie-nav__link"
        href="#"
      >
        First Tab
      </a>
    </li>
    <li
      className="movie-nav__item "
      onClick={[Function]}
    >
      <a
        className="movie-nav__link"
        href="#"
      >
        Second Tab
      </a>
    </li>
    <li
      className="movie-nav__item "
      onClick={[Function]}
    >
      <a
        className="movie-nav__link"
        href="#"
      >
        Third Tab
      </a>
    </li>
  </ul>
</nav>
`;
